npm warn Unknown cli config "--watch". This will stop working in the next major version of npm.
npm warn Unknown cli config "--browsers". This will stop working in the next major version of npm.

> y@0.0.0 test
> ng test

Node.js version v23.7.0 detected.
Odd numbered Node.js versions will not enter LTS status and should not be used for production. For more information, please see https://nodejs.org/en/about/previous-releases/.
[33m>[39m Building...
[32m√[39m Building...
[1mInitial chunk files[22m              [2m | [22m[1mNames[22m                         [2m | [22m [1mRaw size[22m
[32mchunk-UWGUVHNK.js[39m                [2m | [22m[2m-[22m                             [2m | [22m  [36m2.26 MB[39m[2m | [22m
[32mpolyfills.js[39m                     [2m | [22m[2mpolyfills[22m                     [2m | [22m  [36m1.04 MB[39m[2m | [22m
[32mstyles.css[39m                       [2m | [22m[2mstyles[22m                        [2m | [22m[36m366.59 kB[39m[2m | [22m
[32mtest_main.js[39m                     [2m | [22m[2mtest_main[22m                     [2m | [22m[36m238.90 kB[39m[2m | [22m
[32mchunk-3FU4QER3.js[39m                [2m | [22m[2m-[22m                             [2m | [22m[36m108.28 kB[39m[2m | [22m
[32mjasmine-cleanup-1.js[39m             [2m | [22m[2mjasmine-cleanup-1[22m             [2m | [22m [36m67.20 kB[39m[2m | [22m
[32mspec-info.component.spec.js[39m      [2m | [22m[2mspec-info.component.spec[22m      [2m | [22m  [36m5.20 kB[39m[2m | [22m
[32mspec-education.component.spec.js[39m [2m | [22m[2mspec-education.component.spec[22m [2m | [22m  [36m4.76 kB[39m[2m | [22m
[32mspec-experience.component.spec.js[39m[2m | [22m[2mspec-experience.component.spec[22m[2m | [22m  [36m4.76 kB[39m[2m | [22m
[32mspec-knowledge.component.spec.js[39m [2m | [22m[2mspec-knowledge.component.spec[22m [2m | [22m  [36m3.70 kB[39m[2m | [22m
[32mspec-skills.component.spec.js[39m    [2m | [22m[2mspec-skills.component.spec[22m    [2m | [22m  [36m3.44 kB[39m[2m | [22m
[32mspec-intro.component.spec.js[39m     [2m | [22m[2mspec-intro.component.spec[22m     [2m | [22m  [36m3.40 kB[39m[2m | [22m
[32mspec-contact.component.spec.js[39m   [2m | [22m[2mspec-contact.component.spec[22m   [2m | [22m  [36m2.38 kB[39m[2m | [22m
[32mchunk-TTULUY32.js[39m                [2m | [22m[2m-[22m                             [2m | [22m  [36m1.99 kB[39m[2m | [22m
[32mspec-app.component.spec.js[39m       [2m | [22m[2mspec-app.component.spec[22m       [2m | [22m  [36m1.96 kB[39m[2m | [22m
[32mchunk-G4GGTK2I.js[39m                [2m | [22m[2m-[22m                             [2m | [22m[36m918 bytes[39m[2m | [22m
[32mjasmine-cleanup-0.js[39m             [2m | [22m[2mjasmine-cleanup-0[22m             [2m | [22m[36m519 bytes[39m[2m | [22m

[1m [22m                                [2m | [22m[1mInitial total[22m                 [2m | [22m  [1m4.10 MB[22m

Application bundle generation complete. [1.506 seconds] - 2026-03-25T17:08:59.266Z

Watch mode enabled. Watching for file changes...
[33m25 03 2026 12:08:59.502:WARN [karma]: [39mNo captured browser, open http://localhost:9878/
[32m25 03 2026 12:08:59.539:INFO [karma-server]: [39mKarma v6.4.4 server started at http://localhost:9878/
[32m25 03 2026 12:08:59.539:INFO [launcher]: [39mLaunching browsers Chrome with concurrency unlimited
[32m25 03 2026 12:08:59.543:INFO [launcher]: [39mStarting browser Chrome
[32m25 03 2026 12:09:00.779:INFO [Chrome 146.0.0.0 (Windows 10)]: [39mConnected on socket H_tRJCjxUeFHnITWAAAB with id 54286060
Chrome 146.0.0.0 (Windows 10): Executed 0 of 8[32m SUCCESS[39m (0 secs / 0 secs)
[1A[2KChrome 146.0.0.0 (Windows 10): Executed 1 of 8[32m SUCCESS[39m (0 secs / 0.038 secs)
[1A[2KChrome 146.0.0.0 (Windows 10): Executed 2 of 8[32m SUCCESS[39m (0 secs / 0.043 secs)
[1A[2KChrome 146.0.0.0 (Windows 10): Executed 3 of 8[32m SUCCESS[39m (0 secs / 0.062 secs)
[1A[2KChrome 146.0.0.0 (Windows 10): Executed 4 of 8[32m SUCCESS[39m (0 secs / 0.089 secs)
[1A[2KChrome 146.0.0.0 (Windows 10): Executed 5 of 8[32m SUCCESS[39m (0 secs / 0.11 secs)
[1A[2KChrome 146.0.0.0 (Windows 10): Executed 6 of 8[32m SUCCESS[39m (0 secs / 0.124 secs)
[1A[2KChrome 146.0.0.0 (Windows 10): Executed 7 of 8[32m SUCCESS[39m (0 secs / 0.14 secs)
[1A[2KChrome 146.0.0.0 (Windows 10): Executed 8 of 8[32m SUCCESS[39m (0 secs / 0.145 secs)
[1A[2KChrome 146.0.0.0 (Windows 10): Executed 8 of 8[32m SUCCESS[39m (0.173 secs / 0.145 secs)
[32mTOTAL: 8 SUCCESS[39m
[1A[2K[31mChrome 146.0.0.0 (Windows 10) ERROR[39m
  Some of your tests did a full page reload!
Chrome 146.0.0.0 (Windows 10): Executed 8 of 8[32m SUCCESS[39m (0.173 secs / 0.145 secs)
Chrome 146.0.0.0 (Windows 10) ERROR
  Some of your tests did a full page reload!
[33m25 03 2026 12:09:20.227:WARN [Chrome 146.0.0.0 (Windows 10)]: [39mDisconnected (0 times) Client disconnected from CONNECTED state (transport close)
[1A[2K[31mChrome 146.0.0.0 (Windows 10) ERROR[39m
  Disconnected Client disconnected from CONNECTED state (transport close)
Chrome 146.0.0.0 (Windows 10): Executed 8 of 8[32m SUCCESS[39m (0.173 secs / 0.145 secs)
Chrome 146.0.0.0 (Windows 10) ERROR
  Disconnected Client disconnected from CONNECTED state (transport close)
[91m25 03 2026 12:09:20.478:ERROR [launcher]: [39mChrome crashed.
	[38960:73808:0325/120904.566:ERROR:google_apis\gcm\engine\registration_request.cc:291] Registration response error message: DEPRECATED_ENDPOINT
Created TensorFlow Lite XNNPACK delegate for CPU.

[91m25 03 2026 12:09:20.478:ERROR [launcher]: [39mChrome stdout: 
[91m25 03 2026 12:09:20.478:ERROR [launcher]: [39mChrome stderr: [38960:73808:0325/120904.566:ERROR:google_apis\gcm\engine\registration_request.cc:291] Registration response error message: DEPRECATED_ENDPOINT
Created TensorFlow Lite XNNPACK delegate for CPU.

[32m25 03 2026 12:09:20.655:INFO [launcher]: [39mTrying to start Chrome again (1/2).
[32m25 03 2026 12:09:21.784:INFO [Chrome 146.0.0.0 (Windows 10)]: [39mConnected on socket yedG_qC44ZhxdKL2AAAD with id 54286060
Chrome 146.0.0.0 (Windows 10): Executed 0 of 8[32m SUCCESS[39m (0 secs / 0 secs)
[1A[2KChrome 146.0.0.0 (Windows 10): Executed 1 of 8[32m SUCCESS[39m (0 secs / 0.022 secs)
[1A[2KChrome 146.0.0.0 (Windows 10): Executed 2 of 8[32m SUCCESS[39m (0 secs / 0.042 secs)
[1A[2KChrome 146.0.0.0 (Windows 10): Executed 3 of 8[32m SUCCESS[39m (0 secs / 0.045 secs)
[1A[2KChrome 146.0.0.0 (Windows 10): Executed 4 of 8[32m SUCCESS[39m (0 secs / 0.07 secs)
[1A[2KChrome 146.0.0.0 (Windows 10): Executed 5 of 8[32m SUCCESS[39m (0 secs / 0.078 secs)
[1A[2KChrome 146.0.0.0 (Windows 10): Executed 6 of 8[32m SUCCESS[39m (0 secs / 0.083 secs)
[1A[2KChrome 146.0.0.0 (Windows 10): Executed 7 of 8[32m SUCCESS[39m (0 secs / 0.087 secs)
[1A[2KChrome 146.0.0.0 (Windows 10): Executed 8 of 8[32m SUCCESS[39m (0 secs / 0.09 secs)
[1A[2KChrome 146.0.0.0 (Windows 10): Executed 8 of 8[32m SUCCESS[39m (0.104 secs / 0.09 secs)
[32mTOTAL: 8 SUCCESS[39m
[1A[2K[31mChrome 146.0.0.0 (Windows 10) ERROR[39m
  Some of your tests did a full page reload!
Chrome 146.0.0.0 (Windows 10): Executed 8 of 8[32m SUCCESS[39m (0.104 secs / 0.09 secs)
Chrome 146.0.0.0 (Windows 10) ERROR
  Some of your tests did a full page reload!
[33m25 03 2026 12:09:29.146:WARN [Chrome 146.0.0.0 (Windows 10)]: [39mDisconnected (0 times) Client disconnected from CONNECTED state (transport close)
[1A[2K[31mChrome 146.0.0.0 (Windows 10) ERROR[39m
  Disconnected Client disconnected from CONNECTED state (transport close)
Chrome 146.0.0.0 (Windows 10): Executed 8 of 8[32m SUCCESS[39m (0.104 secs / 0.09 secs)
Chrome 146.0.0.0 (Windows 10) ERROR
  Disconnected Client disconnected from CONNECTED state (transport close)
[91m25 03 2026 12:09:29.386:ERROR [launcher]: [39mChrome crashed.
	[74052:74972:0325/120924.833:ERROR:google_apis\gcm\engine\registration_request.cc:291] Registration response error message: DEPRECATED_ENDPOINT

[91m25 03 2026 12:09:29.386:ERROR [launcher]: [39mChrome stdout: 
[91m25 03 2026 12:09:29.386:ERROR [launcher]: [39mChrome stderr: [74052:74972:0325/120924.833:ERROR:google_apis\gcm\engine\registration_request.cc:291] Registration response error message: DEPRECATED_ENDPOINT

[32m25 03 2026 12:09:42.808:INFO [launcher]: [39mTrying to start Chrome again (2/2).
[33m25 03 2026 12:09:42.808:WARN [temp-dir]: [39mFailed to create a temp dir at C:\Users\sgome\AppData\Local\Temp\karma-54286060
[32m25 03 2026 12:09:43.969:INFO [Chrome 146.0.0.0 (Windows 10)]: [39mConnected on socket -Jxnu_VIzTVKSWUpAAAF with id 54286060
Chrome 146.0.0.0 (Windows 10): Executed 0 of 8[32m SUCCESS[39m (0 secs / 0 secs)
[1A[2KChrome 146.0.0.0 (Windows 10): Executed 1 of 8[32m SUCCESS[39m (0 secs / 0.024 secs)
[1A[2KChrome 146.0.0.0 (Windows 10): Executed 2 of 8[32m SUCCESS[39m (0 secs / 0.046 secs)
[1A[2KChrome 146.0.0.0 (Windows 10): Executed 3 of 8[32m SUCCESS[39m (0 secs / 0.066 secs)
[1A[2KChrome 146.0.0.0 (Windows 10): Executed 4 of 8[32m SUCCESS[39m (0 secs / 0.073 secs)
[1A[2KChrome 146.0.0.0 (Windows 10): Executed 5 of 8[32m SUCCESS[39m (0 secs / 0.086 secs)
[1A[2KChrome 146.0.0.0 (Windows 10): Executed 6 of 8[32m SUCCESS[39m (0 secs / 0.09 secs)
[1A[2KChrome 146.0.0.0 (Windows 10): Executed 7 of 8[32m SUCCESS[39m (0 secs / 0.095 secs)
[1A[2KChrome 146.0.0.0 (Windows 10): Executed 8 of 8[32m SUCCESS[39m (0 secs / 0.102 secs)
[1A[2KChrome 146.0.0.0 (Windows 10): Executed 8 of 8[32m SUCCESS[39m (0.114 secs / 0.102 secs)
[32mTOTAL: 8 SUCCESS[39m
[33m25 03 2026 12:09:50.214:WARN [Chrome 146.0.0.0 (Windows 10)]: [39mDisconnected (1 times) , because no message in 30000 ms.
[1A[2K[31mChrome 146.0.0.0 (Windows 10) ERROR[39m
  Disconnected , because no message in 30000 ms.
Chrome 146.0.0.0 (Windows 10): Executed 8 of 8[32m SUCCESS[39m (0.114 secs / 0.102 secs)
Chrome 146.0.0.0 (Windows 10) ERROR
  Disconnected , because no message in 30000 ms.
[1A[2KChrome 146.0.0.0 (Windows 10): Executed 8 of 8[32m SUCCESS[39m (0.114 secs / 0.102 secs)
